// Jest Snapshot v1, https://goo.gl/fbAQLP

exports[`Fixtures: Macros Macro: 'empty.tex' renders correctly 1`] = `"<div class=\\"body\\"><p>some text â€‹ inside.</p></div>"`;
